[2026-09-27 14:21:14] === Цикл 1: запуск сервера ===
[2026-09-27 14:21:18] Сервер жив. Запускаем/резюмируем сбор 2004-05-05..2026-09-25
[2026-09-27 14:21:18] Ответ: {"id":"a87bc597-4b3f-4043-9848-1d9d85a2dc7a","type":"harvest","status":"running","current":0,"total":0,"stage":null,"message":null,"error":null,"result_id":null,"params":{"start_date":"2004-05-05","end_date":"2026-09-25","refresh":false,"trigger":"manual"},"created_at":"2026-09-27T11:21:18.633706","started_at":"2026-09-27T11:21:18.637705","finished_at":null}
[2026-09-27 14:41:27] Цикл 1 отработал. Текущий прогресс: "current":1610. Останавливаем задачу и перезапускаем сервер.
[2026-09-27 14:41:32] === Цикл 2: запуск сервера ===
[2026-09-27 14:41:37] Сервер жив. Запускаем/резюмируем сбор 2004-05-05..2026-09-25
[2026-09-27 14:41:37] Ответ: {"id":"d0db4b09-d1d0-4cc7-bddb-cfc6166b1005","type":"harvest","status":"running","current":0,"total":0,"stage":null,"message":null,"error":null,"result_id":null,"params":{"start_date":"2004-05-05","end_date":"2026-09-25","refresh":false,"trigger":"manual"},"created_at":"2026-09-27T11:41:37.407464","started_at":"2026-09-27T11:41:37.410464","finished_at":null}
[2026-09-27 15:01:49] Цикл 2 отработал. Текущий прогресс: "current":1590. Останавливаем задачу и перезапускаем сервер.
[2026-09-27 15:01:54] === Цикл 3: запуск сервера ===
[2026-09-27 15:01:58] Сервер жив. Запускаем/резюмируем сбор 2004-05-05..2026-09-25
[2026-09-27 15:01:58] Ответ: {"id":"5bd604cf-fa10-4277-98da-a7de41e4d7c2","type":"harvest","status":"running","current":0,"total":0,"stage":null,"message":null,"error":null,"result_id":null,"params":{"start_date":"2004-05-05","end_date":"2026-09-25","refresh":false,"trigger":"manual"},"created_at":"2026-09-27T12:01:58.594662","started_at":"2026-09-27T12:01:58.597661","finished_at":null}
[2026-09-27 15:22:09] Цикл 3 отработал. Текущий прогресс: "current":1630. Останавливаем задачу и перезапускаем сервер.
[2026-09-27 15:22:15] === Цикл 4: запуск сервера ===
[2026-09-27 15:22:19] Сервер жив. Запускаем/резюмируем сбор 2004-05-05..2026-09-25
[2026-09-27 15:22:19] Ответ: {"id":"85f2632b-eeb1-40ad-9151-7a5f0f623fb2","type":"harvest","status":"running","current":0,"total":0,"stage":null,"message":null,"error":null,"result_id":null,"params":{"start_date":"2004-05-05","end_date":"2026-09-25","refresh":false,"trigger":"manual"},"created_at":"2026-09-27T12:22:19.041811","started_at":"2026-09-27T12:22:19.044596","finished_at":null}
[2026-09-27 15:42:30] Цикл 4 отработал. Текущий прогресс: "current":1824. Останавливаем задачу и перезапускаем сервер.
[2026-09-27 15:42:35] === Цикл 5: запуск сервера ===
[2026-09-27 15:42:39] Сервер жив. Запускаем/резюмируем сбор 2004-05-05..2026-09-25
[2026-09-27 15:42:39] Ответ: {"id":"f33640ea-2ccd-4b7b-91fc-0c655790cc3d","type":"harvest","status":"running","current":0,"total":0,"stage":null,"message":null,"error":null,"result_id":null,"params":{"start_date":"2004-05-05","end_date":"2026-09-25","refresh":false,"trigger":"manual"},"created_at":"2026-09-27T12:42:39.926256","started_at":"2026-09-27T12:42:39.929243","finished_at":null}
[2026-09-27 16:02:52] Цикл 5 отработал. Текущий прогресс: "current":1630. Останавливаем задачу и перезапускаем сервер.
[2026-09-27 16:02:57] === Цикл 6: запуск сервера ===
[2026-09-27 16:03:01] Сервер жив. Запускаем/резюмируем сбор 2004-05-05..2026-09-25
[2026-09-27 16:03:01] Ответ: {"id":"aab1a6c9-cb77-4c68-a86d-65d35f54028a","type":"harvest","status":"running","current":0,"total":0,"stage":null,"message":null,"error":null,"result_id":null,"params":{"start_date":"2004-05-05","end_date":"2026-09-25","refresh":false,"trigger":"manual"},"created_at":"2026-09-27T13:03:01.386317","started_at":"2026-09-27T13:03:01.389857","finished_at":null}
[2026-09-27 17:05:06] Цикл 6 отработал. Текущий прогресс: "current":1768. Останавливаем задачу и перезапускаем сервер.
[2026-09-27 17:05:11] === Цикл 7: запуск сервера ===
[2026-09-27 17:05:15] Сервер жив. Запускаем/резюмируем сбор 2004-05-05..2026-09-25
[2026-09-27 17:05:15] Ответ: {"id":"b3a5f86d-f2e1-453c-bf94-7424ad7b1f6e","type":"harvest","status":"running","current":0,"total":0,"stage":null,"message":null,"error":null,"result_id":null,"params":{"start_date":"2004-05-05","end_date":"2026-09-25","refresh":false,"trigger":"manual"},"created_at":"2026-09-27T14:05:15.745469","started_at":"2026-09-27T14:05:15.755468","finished_at":null}
